[2026-08-18 12:25:02:252] [[31merror[39m]: [31muncaughtException: Identifier 'elaFileName' has already been declared[39m
[31mD:\Projects\TrustGraph\src\services\image.service.js:290[39m
[31m      const elaFileName = `ela-${fileName}`;[39m
[31m            ^[39m

[31mSyntaxError: Identifier 'elaFileName' has already been declared[39m
[31m    at wrapSafe (node:internal/modules/cjs/loader:1743:18)[39m
[31m    at Module._compile (node:internal/modules/cjs/loader:1786:20)[39m
[31m    at Object..js (node:internal/modules/cjs/loader:1943:10)[39m
[31m    at Module.load (node:internal/modules/cjs/loader:1533:32)[39m
[31m    at Module._load (node:internal/modules/cjs/loader:1335:12)[39m
[31m    at wrapModuleLoad (node:internal/modules/cjs/loader:255:19)[39m
[31m    at Module.require (node:internal/modules/cjs/loader:1556:12)[39m
[31m    at require (node:internal/modules/helpers:152:16)[39m
[31m    at Object.<anonymous> (D:\Projects\TrustGraph\src\controllers\image.controller.js:1:22)[39m
[31m    at Module._compile (node:internal/modules/cjs/loader:1812:14)[39m
[31m    at Object..js (node:internal/modules/cjs/loader:1943:10)[39m
[31m    at Module.load (node:internal/modules/cjs/loader:1533:32)[39m
[31m    at Module._load (node:internal/modules/cjs/loader:1335:12)[39m
[31m    at wrapModuleLoad (node:internal/modules/cjs/loader:255:19)[39m
[31m    at Module.require (node:internal/modules/cjs/loader:1556:12)[39m
[31m    at require (node:internal/modules/helpers:152:16)[39m
{"date":"Mon Aug 24 2026 22:23:50 GMT+0530 (India Standard Time)","error":{},"exception":true,"level":"error","message":"uncaughtException: Cannot read properties of undefined (reading 'method')\nD:\\Projects\\TrustGraph\\node_modules\\express\\lib\\router\\index.js:139\n  debug('dispatching %s %s', req.method, req.url);\n                                 ^\n\nTypeError: Cannot read properties of undefined (reading 'method')\n    at router.handle (D:\\Projects\\TrustGraph\\node_modules\\express\\lib\\router\\index.js:139:34)\n    at app.handle (D:\\Projects\\TrustGraph\\node_modules\\express\\lib\\application.js:181:10)\n    at app (D:\\Projects\\TrustGraph\\node_modules\\express\\lib\\express.js:39:9)\n    at [eval]:1:77\n    at runScriptInThisContext (node:internal/vm:219:10)\n    at node:internal/process/execution:451:12\n    at [eval]-wrapper:6:24\n    at runScriptInContext (node:internal/process/execution:449:60)\n    at evalFunction (node:internal/process/execution:283:30)\n    at evalTypeScript (node:internal/process/execution:295:3)\n    at node:internal/main/eval_string:71:3","os":{"loadavg":[0,0,0],"uptime":478126.062},"process":{"argv":["C:\\nvm4w\\nodejs\\node.exe"],"cwd":"D:\\Projects\\TrustGraph","execPath":"C:\\nvm4w\\nodejs\\node.exe","gid":null,"memoryUsage":{"arrayBuffers":18264815,"external":20892522,"heapTotal":60436480,"heapUsed":33976976,"rss":95318016},"pid":9284,"uid":null,"version":"v24.14.0"},"stack":"D:\\Projects\\TrustGraph\\node_modules\\express\\lib\\router\\index.js:139\n  debug('dispatching %s %s', req.method, req.url);\n                                 ^\n\nTypeError: Cannot read properties of undefined (reading 'method')\n    at router.handle (D:\\Projects\\TrustGraph\\node_modules\\express\\lib\\router\\index.js:139:34)\n    at app.handle (D:\\Projects\\TrustGraph\\node_modules\\express\\lib\\application.js:181:10)\n    at app (D:\\Projects\\TrustGraph\\node_modules\\express\\lib\\express.js:39:9)\n    at [eval]:1:77\n    at runScriptInThisContext (node:internal/vm:219:10)\n    at node:internal/process/execution:451:12\n    at [eval]-wrapper:6:24\n    at runScriptInContext (node:internal/process/execution:449:60)\n    at evalFunction (node:internal/process/execution:283:30)\n    at evalTypeScript (node:internal/process/execution:295:3)\n    at node:internal/main/eval_string:71:3","timestamp":"2026-08-24T16:53:50.024Z","trace":[{"column":34,"file":"D:\\Projects\\TrustGraph\\node_modules\\express\\lib\\router\\index.js","function":"router.handle","line":139,"method":"handle","native":false},{"column":10,"file":"D:\\Projects\\TrustGraph\\node_modules\\express\\lib\\application.js","function":"app.handle","line":181,"method":"handle","native":false},{"column":9,"file":"D:\\Projects\\TrustGraph\\node_modules\\express\\lib\\express.js","function":"app","line":39,"method":null,"native":false},{"column":77,"file":"[eval]","function":null,"line":1,"method":null,"native":false},{"column":10,"file":"node:internal/vm","function":"runScriptInThisContext","line":219,"method":null,"native":false},{"column":12,"file":"node:internal/process/execution","function":null,"line":451,"method":null,"native":false},{"column":24,"file":"[eval]-wrapper","function":null,"line":6,"method":null,"native":false},{"column":60,"file":"node:internal/process/execution","function":"runScriptInContext","line":449,"method":null,"native":false},{"column":30,"file":"node:internal/process/execution","function":"evalFunction","line":283,"method":null,"native":false},{"column":3,"file":"node:internal/process/execution","function":"evalTypeScript","line":295,"method":null,"native":false},{"column":3,"file":"node:internal/main/eval_string","function":null,"line":71,"method":null,"native":false}]}
{"date":"Mon Aug 24 2026 22:23:56 GMT+0530 (India Standard Time)","error":{},"exception":true,"level":"error","message":"uncaughtException: Cannot read properties of undefined (reading 'method')\nD:\\Projects\\TrustGraph\\node_modules\\express\\lib\\router\\index.js:139\n  debug('dispatching %s %s', req.method, req.url);\n                                 ^\n\nTypeError: Cannot read properties of undefined (reading 'method')\n    at router.handle (D:\\Projects\\TrustGraph\\node_modules\\express\\lib\\router\\index.js:139:34)\n    at app.handle (D:\\Projects\\TrustGraph\\node_modules\\express\\lib\\application.js:181:10)\n    at app (D:\\Projects\\TrustGraph\\node_modules\\express\\lib\\express.js:39:9)\n    at [eval]:1:53\n    at runScriptInThisContext (node:internal/vm:219:10)\n    at node:internal/process/execution:451:12\n    at [eval]-wrapper:6:24\n    at runScriptInContext (node:internal/process/execution:449:60)\n    at evalFunction (node:internal/process/execution:283:30)\n    at evalTypeScript (node:internal/process/execution:295:3)\n    at node:internal/main/eval_string:71:3","os":{"loadavg":[0,0,0],"uptime":478132.89},"process":{"argv":["C:\\nvm4w\\nodejs\\node.exe"],"cwd":"D:\\Projects\\TrustGraph","execPath":"C:\\nvm4w\\nodejs\\node.exe","gid":null,"memoryUsage":{"arrayBuffers":18264815,"external":20892522,"heapTotal":60174336,"heapUsed":33901768,"rss":95223808},"pid":29188,"uid":null,"version":"v24.14.0"},"stack":"D:\\Projects\\TrustGraph\\node_modules\\express\\lib\\router\\index.js:139\n  debug('dispatching %s %s', req.method, req.url);\n                                 ^\n\nTypeError: Cannot read properties of undefined (reading 'method')\n    at router.handle (D:\\Projects\\TrustGraph\\node_modules\\express\\lib\\router\\index.js:139:34)\n    at app.handle (D:\\Projects\\TrustGraph\\node_modules\\express\\lib\\application.js:181:10)\n    at app (D:\\Projects\\TrustGraph\\node_modules\\express\\lib\\express.js:39:9)\n    at [eval]:1:53\n    at runScriptInThisContext (node:internal/vm:219:10)\n    at node:internal/process/execution:451:12\n    at [eval]-wrapper:6:24\n    at runScriptInContext (node:internal/process/execution:449:60)\n    at evalFunction (node:internal/process/execution:283:30)\n    at evalTypeScript (node:internal/process/execution:295:3)\n    at node:internal/main/eval_string:71:3","timestamp":"2026-08-24T16:53:56.843Z","trace":[{"column":34,"file":"D:\\Projects\\TrustGraph\\node_modules\\express\\lib\\router\\index.js","function":"router.handle","line":139,"method":"handle","native":false},{"column":10,"file":"D:\\Projects\\TrustGraph\\node_modules\\express\\lib\\application.js","function":"app.handle","line":181,"method":"handle","native":false},{"column":9,"file":"D:\\Projects\\TrustGraph\\node_modules\\express\\lib\\express.js","function":"app","line":39,"method":null,"native":false},{"column":53,"file":"[eval]","function":null,"line":1,"method":null,"native":false},{"column":10,"file":"node:internal/vm","function":"runScriptInThisContext","line":219,"method":null,"native":false},{"column":12,"file":"node:internal/process/execution","function":null,"line":451,"method":null,"native":false},{"column":24,"file":"[eval]-wrapper","function":null,"line":6,"method":null,"native":false},{"column":60,"file":"node:internal/process/execution","function":"runScriptInContext","line":449,"method":null,"native":false},{"column":30,"file":"node:internal/process/execution","function":"evalFunction","line":283,"method":null,"native":false},{"column":3,"file":"node:internal/process/execution","function":"evalTypeScript","line":295,"method":null,"native":false},{"column":3,"file":"node:internal/main/eval_string","function":null,"line":71,"method":null,"native":false}]}
{"date":"Mon Aug 24 2026 22:24:11 GMT+0530 (India Standard Time)","error":{},"exception":true,"level":"error","message":"uncaughtException: Cannot read properties of undefined (reading 'method')\nD:\\Projects\\TrustGraph\\node_modules\\express\\lib\\router\\index.js:139\n  debug('dispatching %s %s', req.method, req.url);\n                                 ^\n\nTypeError: Cannot read properties of undefined (reading 'method')\n    at router.handle (D:\\Projects\\TrustGraph\\node_modules\\express\\lib\\router\\index.js:139:34)\n    at app.handle (D:\\Projects\\TrustGraph\\node_modules\\express\\lib\\application.js:181:10)\n    at app (D:\\Projects\\TrustGraph\\node_modules\\express\\lib\\express.js:39:9)\n    at [eval]:1:71\n    at runScriptInThisContext (node:internal/vm:219:10)\n    at node:internal/process/execution:451:12\n    at [eval]-wrapper:6:24\n    at runScriptInContext (node:internal/process/execution:449:60)\n    at evalFunction (node:internal/process/execution:283:30)\n    at evalTypeScript (node:internal/process/execution:295:3)\n    at node:internal/main/eval_string:71:3","os":{"loadavg":[0,0,0],"uptime":478147.796},"process":{"argv":["C:\\nvm4w\\nodejs\\node.exe"],"cwd":"D:\\Projects\\TrustGraph","execPath":"C:\\nvm4w\\nodejs\\node.exe","gid":null,"memoryUsage":{"arrayBuffers":18265423,"external":21071797,"heapTotal":62271488,"heapUsed":34727680,"rss":95592448},"pid":28328,"uid":null,"version":"v24.14.0"},"stack":"D:\\Projects\\TrustGraph\\node_modules\\express\\lib\\router\\index.js:139\n  debug('dispatching %s %s', req.method, req.url);\n                                 ^\n\nTypeError: Cannot read properties of undefined (reading 'method')\n    at router.handle (D:\\Projects\\TrustGraph\\node_modules\\express\\lib\\router\\index.js:139:34)\n    at app.handle (D:\\Projects\\TrustGraph\\node_modules\\express\\lib\\application.js:181:10)\n    at app (D:\\Projects\\TrustGraph\\node_modules\\express\\lib\\express.js:39:9)\n    at [eval]:1:71\n    at runScriptInThisContext (node:internal/vm:219:10)\n    at node:internal/process/execution:451:12\n    at [eval]-wrapper:6:24\n    at runScriptInContext (node:internal/process/execution:449:60)\n    at evalFunction (node:internal/process/execution:283:30)\n    at evalTypeScript (node:internal/process/execution:295:3)\n    at node:internal/main/eval_string:71:3","timestamp":"2026-08-24T16:54:11.749Z","trace":[{"column":34,"file":"D:\\Projects\\TrustGraph\\node_modules\\express\\lib\\router\\index.js","function":"router.handle","line":139,"method":"handle","native":false},{"column":10,"file":"D:\\Projects\\TrustGraph\\node_modules\\express\\lib\\application.js","function":"app.handle","line":181,"method":"handle","native":false},{"column":9,"file":"D:\\Projects\\TrustGraph\\node_modules\\express\\lib\\express.js","function":"app","line":39,"method":null,"native":false},{"column":71,"file":"[eval]","function":null,"line":1,"method":null,"native":false},{"column":10,"file":"node:internal/vm","function":"runScriptInThisContext","line":219,"method":null,"native":false},{"column":12,"file":"node:internal/process/execution","function":null,"line":451,"method":null,"native":false},{"column":24,"file":"[eval]-wrapper","function":null,"line":6,"method":null,"native":false},{"column":60,"file":"node:internal/process/execution","function":"runScriptInContext","line":449,"method":null,"native":false},{"column":30,"file":"node:internal/process/execution","function":"evalFunction","line":283,"method":null,"native":false},{"column":3,"file":"node:internal/process/execution","function":"evalTypeScript","line":295,"method":null,"native":false},{"column":3,"file":"node:internal/main/eval_string","function":null,"line":71,"method":null,"native":false}]}
{"date":"Mon Aug 24 2026 22:24:18 GMT+0530 (India Standard Time)","error":{},"exception":true,"level":"error","message":"uncaughtException: Cannot read properties of undefined (reading 'method')\nD:\\Projects\\TrustGraph\\node_modules\\express\\lib\\router\\index.js:139\n  debug('dispatching %s %s', req.method, req.url);\n                                 ^\n\nTypeError: Cannot read properties of undefined (reading 'method')\n    at router.handle (D:\\Projects\\TrustGraph\\node_modules\\express\\lib\\router\\index.js:139:34)\n    at app.handle (D:\\Projects\\TrustGraph\\node_modules\\express\\lib\\application.js:181:10)\n    at app (D:\\Projects\\TrustGraph\\node_modules\\express\\lib\\express.js:39:9)\n    at [eval]:1:71\n    at runScriptInThisContext (node:internal/vm:219:10)\n    at node:internal/process/execution:451:12\n    at [eval]-wrapper:6:24\n    at runScriptInContext (node:internal/process/execution:449:60)\n    at evalFunction (node:internal/process/execution:283:30)\n    at evalTypeScript (node:internal/process/execution:295:3)\n    at node:internal/main/eval_string:71:3","os":{"loadavg":[0,0,0],"uptime":478154.515},"process":{"argv":["C:\\nvm4w\\nodejs\\node.exe"],"cwd":"D:\\Projects\\TrustGraph","execPath":"C:\\nvm4w\\nodejs\\node.exe","gid":null,"memoryUsage":{"arrayBuffers":18265423,"external":21071797,"heapTotal":62533632,"heapUsed":34645952,"rss":95596544},"pid":13424,"uid":null,"version":"v24.14.0"},"stack":"D:\\Projects\\TrustGraph\\node_modules\\express\\lib\\router\\index.js:139\n  debug('dispatching %s %s', req.method, req.url);\n                                 ^\n\nTypeError: Cannot read properties of undefined (reading 'method')\n    at router.handle (D:\\Projects\\TrustGraph\\node_modules\\express\\lib\\router\\index.js:139:34)\n    at app.handle (D:\\Projects\\TrustGraph\\node_modules\\express\\lib\\application.js:181:10)\n    at app (D:\\Projects\\TrustGraph\\node_modules\\express\\lib\\express.js:39:9)\n    at [eval]:1:71\n    at runScriptInThisContext (node:internal/vm:219:10)\n    at node:internal/process/execution:451:12\n    at [eval]-wrapper:6:24\n    at runScriptInContext (node:internal/process/execution:449:60)\n    at evalFunction (node:internal/process/execution:283:30)\n    at evalTypeScript (node:internal/process/execution:295:3)\n    at node:internal/main/eval_string:71:3","timestamp":"2026-08-24T16:54:18.472Z","trace":[{"column":34,"file":"D:\\Projects\\TrustGraph\\node_modules\\express\\lib\\router\\index.js","function":"router.handle","line":139,"method":"handle","native":false},{"column":10,"file":"D:\\Projects\\TrustGraph\\node_modules\\express\\lib\\application.js","function":"app.handle","line":181,"method":"handle","native":false},{"column":9,"file":"D:\\Projects\\TrustGraph\\node_modules\\express\\lib\\express.js","function":"app","line":39,"method":null,"native":false},{"column":71,"file":"[eval]","function":null,"line":1,"method":null,"native":false},{"column":10,"file":"node:internal/vm","function":"runScriptInThisContext","line":219,"method":null,"native":false},{"column":12,"file":"node:internal/process/execution","function":null,"line":451,"method":null,"native":false},{"column":24,"file":"[eval]-wrapper","function":null,"line":6,"method":null,"native":false},{"column":60,"file":"node:internal/process/execution","function":"runScriptInContext","line":449,"method":null,"native":false},{"column":30,"file":"node:internal/process/execution","function":"evalFunction","line":283,"method":null,"native":false},{"column":3,"file":"node:internal/process/execution","function":"evalTypeScript","line":295,"method":null,"native":false},{"column":3,"file":"node:internal/main/eval_string","function":null,"line":71,"method":null,"native":false}]}
[2026-10-06 22:37:22:3722] [[31merror[39m]: [31muncaughtException: Unexpected strict mode reserved word[39m
[31mD:\Projects\TrustGraph\src\services\aiImageDetector.service.js:144[39m
[31m  static async runPythonInference(modelPath, float32Data) {[39m
[31m  ^^^^^^[39m

[31mSyntaxError: Unexpected strict mode reserved word[39m
[31m    at wrapSafe (node:internal/modules/cjs/loader:1743:18)[39m
[31m    at Module._compile (node:internal/modules/cjs/loader:1786:20)[39m
[31m    at Object..js (node:internal/modules/cjs/loader:1943:10)[39m
[31m    at Module.load (node:internal/modules/cjs/loader:1533:32)[39m
[31m    at Module._load (node:internal/modules/cjs/loader:1335:12)[39m
[31m    at wrapModuleLoad (node:internal/modules/cjs/loader:255:19)[39m
[31m    at Module.require (node:internal/modules/cjs/loader:1556:12)[39m
[31m    at require (node:internal/modules/helpers:152:16)[39m
[31m    at Object.<anonymous> (D:\Projects\TrustGraph\src\services\image.service.js:11:25)[39m
[31m    at Module._compile (node:internal/modules/cjs/loader:1812:14)[39m
[31m    at Object..js (node:internal/modules/cjs/loader:1943:10)[39m
[31m    at Module.load (node:internal/modules/cjs/loader:1533:32)[39m
[31m    at Module._load (node:internal/modules/cjs/loader:1335:12)[39m
[31m    at wrapModuleLoad (node:internal/modules/cjs/loader:255:19)[39m
[31m    at Module.require (node:internal/modules/cjs/loader:1556:12)[39m
[31m    at require (node:internal/modules/helpers:152:16)[39m
[2026-10-06 22:37:23:3723] [[31merror[39m]: [31muncaughtException: Unexpected strict mode reserved word[39m
[31mD:\Projects\TrustGraph\src\services\aiImageDetector.service.js:144[39m
[31m  static async runPythonInference(modelPath, float32Data) {[39m
[31m  ^^^^^^[39m

[31mSyntaxError: Unexpected strict mode reserved word[39m
[31m    at wrapSafe (node:internal/modules/cjs/loader:1743:18)[39m
[31m    at Module._compile (node:internal/modules/cjs/loader:1786:20)[39m
[31m    at Object..js (node:internal/modules/cjs/loader:1943:10)[39m
[31m    at Module.load (node:internal/modules/cjs/loader:1533:32)[39m
[31m    at Module._load (node:internal/modules/cjs/loader:1335:12)[39m
[31m    at wrapModuleLoad (node:internal/modules/cjs/loader:255:19)[39m
[31m    at Module.require (node:internal/modules/cjs/loader:1556:12)[39m
[31m    at require (node:internal/modules/helpers:152:16)[39m
[31m    at Object.<anonymous> (D:\Projects\TrustGraph\src\services\image.service.js:11:25)[39m
[31m    at Module._compile (node:internal/modules/cjs/loader:1812:14)[39m
[31m    at Object..js (node:internal/modules/cjs/loader:1943:10)[39m
[31m    at Module.load (node:internal/modules/cjs/loader:1533:32)[39m
[31m    at Module._load (node:internal/modules/cjs/loader:1335:12)[39m
[31m    at wrapModuleLoad (node:internal/modules/cjs/loader:255:19)[39m
[31m    at Module.require (node:internal/modules/cjs/loader:1556:12)[39m
[31m    at require (node:internal/modules/helpers:152:16)[39m
[2026-10-06 22:51:28:5128] [[31merror[39m]: [31muncaughtException: path is not defined[39m
[31mReferenceError: path is not defined[39m
[31m    at new RiskEngineService (D:\Projects\TrustGraph\src\ml\riskEngine.service.js:9:25)[39m
[31m    at Object.<anonymous> (D:\Projects\TrustGraph\src\ml\riskEngine.service.js:141:27)[39m
[31m    at Module._compile (node:internal/modules/cjs/loader:1812:14)[39m
[31m    at Object..js (node:internal/modules/cjs/loader:1943:10)[39m
[31m    at Module.load (node:internal/modules/cjs/loader:1533:32)[39m
[31m    at Module._load (node:internal/modules/cjs/loader:1335:12)[39m
[31m    at wrapModuleLoad (node:internal/modules/cjs/loader:255:19)[39m
[31m    at Module.require (node:internal/modules/cjs/loader:1556:12)[39m
[31m    at require (node:internal/modules/helpers:152:16)[39m
[31m    at Object.<anonymous> (D:\Projects\TrustGraph\src\controllers\trustScore.controller.js:54:31)[39m
[31m    at Module._compile (node:internal/modules/cjs/loader:1812:14)[39m
[31m    at Object..js (node:internal/modules/cjs/loader:1943:10)[39m
[31m    at Module.load (node:internal/modules/cjs/loader:1533:32)[39m
[31m    at Module._load (node:internal/modules/cjs/loader:1335:12)[39m
[31m    at wrapModuleLoad (node:internal/modules/cjs/loader:255:19)[39m
[31m    at Module.require (node:internal/modules/cjs/loader:1556:12)[39m
